// Jest Snapshot v1, https://goo.gl/fbAQLP

exports[`should render ExpenseListItem with an expense item 1`] = `
<div>
  <p>
    1
     - 
    <Link
      replace={false}
      to="/edit/2"
    >
      Rent
    </Link>
    $850.00
    -
    December 27th, 1969
  </p>
</div>
`;
