// Jest Snapshot v1, https://goo.gl/fbAQLP

exports[`should render ExpenseList with empty message when no expenses 1`] = `
<div
  className="content-container"
>
  <div
    className="list-header"
  >
    <div
      className="show-for-mobile"
    >
      Expenses
    </div>
    <div
      className="show-for-desktop"
    >
      Expense
    </div>
    <div
      className="show-for-desktop"
    >
      Amount
    </div>
  </div>
  <div
    className="list-body"
  >
    <div
      className="list-item list-item--message"
    >
      <span>
        No expenses yet.
      </span>
    </div>
  </div>
</div>
`;

exports[`should render ExpenseList with expenses 1`] = `
<div
  className="content-container"
>
  <div
    className="list-header"
  >
    <div
      className="show-for-mobile"
    >
      Expenses
    </div>
    <div
      className="show-for-desktop"
    >
      Expense
    </div>
    <div
      className="show-for-desktop"
    >
      Amount
    </div>
  </div>
  <div
    className="list-body"
  >
    <ExpenseListItem
      amount={195}
      count={1}
      createdAt={0}
      description="Gum"
      id="1"
      index={0}
      key="1"
      note=""
    />
    <ExpenseListItem
      amount={85000}
      count={2}
      createdAt={-345600000}
      description="Rent"
      id="2"
      index={1}
      key="2"
      note=""
    />
    <ExpenseListItem
      amount={4500}
      count={3}
      createdAt={345600000}
      description="Credit Card"
      id="3"
      index={2}
      key="3"
      note=""
    />
  </div>
</div>
`;
